[www.commonroots.farm/index.html]
[backblue.gif]
[fade.gif]
[index.html]
[www.commonroots.farm/wp-includes/css/dist/block-library/style.min6dcf.css]
[www.commonroots.farm/feed/index.html]
[www.commonroots.farm/comments/feed/index.html]
[www.commonroots.farm/wp-content/themes/twentynineteen/style3aa8.css]
[www.commonroots.farm/wp-content/themes/twentynineteen/print3aa8.css]
[www.commonroots.farm/xmlrpc0db0.php]
[www.commonroots.farm/wp-json/index.html]
[www.commonroots.farm/wp-includes/wlwmanifest.xml]
[www.commonroots.farm/wp-login.html]
[www.commonroots.farm/index.html]
[www.commonroots.farm/2021/01/17/soil-advocate-training-by-kiss-the-ground/index.html]
[www.commonroots.farm/author/dylan/index.html]
[www.commonroots.farm/category/soil-advocate-training/index.html]
[www.commonroots.farm/tag/kiss-the-ground/index.html]
[www.commonroots.farm/tag/regenerative-agriculture/index.html]
[www.commonroots.farm/wp-includes/css/dist/block-library/style.min6dcf.css]
[www.commonroots.farm/tag/soil-advocate-training/index.html]
[www.commonroots.farm/wp-content/themes/twentynineteen/style3aa8.css]
[www.commonroots.farm/wp-content/themes/twentynineteen/print3aa8.css]
[www.commonroots.farm/2021/01/index.html]
[www.commonroots.farm/category/uncategorized/index.html]
[www.commonroots.farm/2021/01/07/welcome-to-common-rootz/index.html]
[www.commonroots.farm/wp-json/wp/v2/posts/21.json]
[www.commonroots.farm/2021/01/17/soil-advocate-training-by-kiss-the-ground/feed/index.html]
[www.commonroots.farm/wp-json/oembed/1.0/embed39ee.json]
[www.commonroots.farm/wp-json/oembed/1.0/embedd506]
[www.commonroots.farm/wp-includes/js/comment-reply.min6dcf.js]
[www.commonroots.farm/2021/01/17/soil-advocate-training-by-kiss-the-ground/index.html]
[www.commonroots.farm/wp-json/wp/v2/users/2.json]
[www.commonroots.farm/author/dylan/index.html]
[www.commonroots.farm/author/dylan/feed/index.html]
[www.commonroots.farm/wp-json/wp/v2/categories/5.json]
[www.commonroots.farm/category/soil-advocate-training/index.html]
[www.commonroots.farm/category/soil-advocate-training/feed/index.html]
[www.commonroots.farm/wp-json/wp/v2/tags/4.json]
[www.commonroots.farm/tag/kiss-the-ground/index.html]
[www.commonroots.farm/tag/kiss-the-ground/feed/index.html]
[www.commonroots.farm/wp-json/wp/v2/tags/3.json]
[www.commonroots.farm/tag/regenerative-agriculture/index.html]
[www.commonroots.farm/tag/regenerative-agriculture/feed/index.html]
[www.commonroots.farm/wp-json/wp/v2/tags/2.json]
[www.commonroots.farm/tag/soil-advocate-training/index.html]
[www.commonroots.farm/wp-json/wp/v2/posts/1.json]
[www.commonroots.farm/tag/soil-advocate-training/feed/index.html]
[www.commonroots.farm/2021/01/07/welcome-to-common-rootz/feed/index.html]
[www.commonroots.farm/wp-json/oembed/1.0/embed9612.json]
[www.commonroots.farm/wp-json/oembed/1.0/embed4025]
[www.commonroots.farm/2021/01/07/welcome-to-common-rootz/index.html]
[www.commonroots.farm/wp-json/wp/v2/categories/1.json]
[www.commonroots.farm/category/uncategorized/index.html]
[www.commonroots.farm/2021/01/index.html]
[www.commonroots.farm/category/uncategorized/feed/index.html]
[www.commonroots.farm/wp-includes/css/dashicons.min6dcf.css]
[www.commonroots.farm/wp-includes/css/buttons.min6dcf.css]
[www.commonroots.farm/wp-admin/css/forms.min6dcf.css]
[www.commonroots.farm/wp-admin/css/l10n.min6dcf.css]
[www.commonroots.farm/wp-admin/css/login.min6dcf.css]
[www.commonroots.farm/wp-loginc2b6.html]
[www.commonroots.farm/wp-includes/js/jquery/jquery.minaf6c.js]
[www.commonroots.farm/wp-includes/js/jquery/jquery-migrate.mind617.js]
[www.commonroots.farm/wp-includes/js/zxcvbn-async.min5152.js]
[www.commonroots.farm/wp-includes/js/dist/vendor/regenerator-runtime.min3937.js]
[www.commonroots.farm/wp-includes/js/dist/vendor/wp-polyfill.min2c7c.js]
[www.commonroots.farm/wp-includes/js/dist/hooks.min8cbb.js]
[www.commonroots.farm/wp-includes/js/dist/i18n.mina28b.js]
[www.commonroots.farm/wp-admin/js/password-strength-meter.min6dcf.js]
[www.commonroots.farm/wp-includes/js/underscore.min0028.js]
[www.commonroots.farm/wp-includes/js/wp-util.min6dcf.js]
[www.commonroots.farm/wp-admin/js/user-profile.min6dcf.js]
[www.commonroots.farm/wp-login.html]
[www.commonroots.farm/index3965.html]
[www.commonroots.farm/xmlrpc.php]
[www.commonroots.farm/indexcff1.html]
[www.commonroots.farm/wp-includes/fonts/dashicons7d4b.eot]
[www.commonroots.farm/wp-includes/fonts/dashicons7d4b.ttf]
[www.commonroots.farm/wp-includes/css/dashicons.min6dcf.css]
[www.commonroots.farm/wp-includes/css/buttons.min6dcf.css]
[www.commonroots.farm/wp-admin/images/loading.gif]
[www.commonroots.farm/wp-admin/css/forms.min6dcf.css]
[www.commonroots.farm/wp-admin/css/l10n.min6dcf.css]
[www.commonroots.farm/wp-admin/images/w-logo-blue7a53.png]
[www.commonroots.farm/wp-admin/css/login.min6dcf.css]
[www.commonroots.farm/wp-loginc2b6.html]
[www.commonroots.farm/wp-admin/images/wordpress-logo7d6b.svg]
